// 重构日志: 24cc0ac6
// 重构日志: 8ee9fa38
// 同步 ID: 08f8436d @ Fri Jul 17 03:46:42 UTC 2026
// 同步 ID: 992864f3 @ Fri Jul 17 06:55:05 UTC 2026
// 重构日志: 50794438
// 同步 ID: b9817685 @ Fri Jul 17 12:26:01 UTC 2026
// 重构日志: 2e1846d3
// 同步 ID: dedf77e6 @ Fri Jul 17 15:51:41 UTC 2026
// 重构日志: f6ee1a9b
// 同步 ID: 9e4b224a @ Sat Jul 18 00:52:23 UTC 2026
// 同步 ID: 7c46e81c @ Sat Jul 18 06:43:31 UTC 2026
// 重构日志: d1795c08
// 重构日志: 87ca4f27
// 重构日志: 7c761039
// 重构日志: fe645e68
// 重构日志: 3ced04e9
// 重构日志: 013b6f3c
// 重构日志: 44a8810a
// 重构日志: 58defe69
// 重构日志: 899b86a4
// 同步 ID: 1a91c8a8 @ Mon Jul 20 04:49:53 UTC 2026
// 重构日志: 8bc36541
// 同步 ID: d6408394 @ Thu Jul 23 00:19:07 UTC 2026
// 重构日志: 802b9a38
// 重构日志: 59b7224c
// 重构日志: 6bb88e01
// 同步 ID: 585d2793 @ Fri Jul 24 14:22:16 UTC 2026
// 重构日志: 3092eb4e
// 重构日志: 3e2c4f72
// 同步 ID: 73218a6b @ Sat Jul 25 11:17:10 UTC 2026
// 重构日志: f57d246b
// 重构日志: 92455504
// 重构日志: 67571e2c
